ComputationalPaths.Path.GeometricTopology.CoherentRepresentativeElimination.quotientHomeomorph.{u, v} {A : Type u}
  [TopologicalSpace A] {Step : Type v} [TopologicalSpace Step]
  {S : ComputationalPaths.Path.GeometricTopology.ContinuousGeometricStepSystem A Step}
  (P : ComputationalPaths.Path.GeometricTopology.ScopedGeometricRewritePresentation S) (a b : A)
  (╧ä : TopologicalSpace (ComputationalPaths.Path.GeometricTopology.GeometricTrace S.toGeometricStepSystem a b))
  (hrealize : Continuous ComputationalPaths.Path.GeometricTopology.GeometricTrace.realize) :
  have ╧äcoh := TopologicalSpace.induced (fun p => (p.trace, p.geometric)) instTopologicalSpaceProd;
  Quotient (ComputationalPaths.Path.GeometricTopology.CoherentRepresentativeElimination.coherentSetoid P a b) ΓëâΓé£
    Quotient (ComputationalPaths.Path.GeometricTopology.CoherentRepresentativeElimination.traceSetoid P a b)
ComputationalPaths.Path.GeometricTopology.CoherentRepresentativeElimination.observableQuotientHomeomorph.{u, v}
  {A : Type u} [TopologicalSpace A] {Step : Type v} [TopologicalSpace Step]
  {S : ComputationalPaths.Path.GeometricTopology.ContinuousGeometricStepSystem A Step}
  (P : ComputationalPaths.Path.GeometricTopology.ScopedGeometricRewritePresentation S) (a b : A) :
  have ╧äcoh := TopologicalSpace.induced (fun p => (p.trace, p.geometric)) instTopologicalSpaceProd;
  Quotient (ComputationalPaths.Path.GeometricTopology.CoherentRepresentativeElimination.coherentSetoid P a b) ΓëâΓé£
    Quotient (ComputationalPaths.Path.GeometricTopology.CoherentRepresentativeElimination.traceSetoid P a b)
ComputationalPaths.Path.GeometricTopology.CoherentRepresentativeElimination.traceSensitiveQuotientHomeomorph.{u, v}
  {A : Type u} [TopologicalSpace A] {Step : Type v} [TopologicalSpace Step]
  {S : ComputationalPaths.Path.GeometricTopology.ContinuousGeometricStepSystem A Step}
  (P : ComputationalPaths.Path.GeometricTopology.ScopedGeometricRewritePresentation S) (a b : A) :
  have ╧äcoh := TopologicalSpace.induced (fun p => (p.trace, p.geometric)) instTopologicalSpaceProd;
  Quotient (ComputationalPaths.Path.GeometricTopology.CoherentRepresentativeElimination.coherentSetoid P a b) ΓëâΓé£
    Quotient (ComputationalPaths.Path.GeometricTopology.CoherentRepresentativeElimination.traceSetoid P a b)
ComputationalPaths.Path.GeometricTopology.BinaryTimingCollision.realize_eq.{u_1} {X : Type u_1} [TopologicalSpace X]
  {x : X} (╬▒ : Path x x) :
  (ComputationalPaths.Path.GeometricTopology.BinaryTimingCollision.leftTrace ╬▒).realize =
    (ComputationalPaths.Path.GeometricTopology.BinaryTimingCollision.rightTrace ╬▒).realize
ComputationalPaths.Path.GeometricTopology.BinaryTimingCollision.countC_invariant.{u_1} {X : Type u_1}
  [TopologicalSpace X] {x : X} (╬▒ : Path x x) {a b : X}
  {p q :
    ComputationalPaths.Path.GeometricTopology.GeometricTrace
      (ComputationalPaths.Path.GeometricTopology.BinaryTimingCollision.system ╬▒).toGeometricStepSystem a b}
  (h :
    ComputationalPaths.Path.GeometricTopology.ScopedRwEq
      (ComputationalPaths.Path.GeometricTopology.BinaryTimingCollision.presentation ╬▒) p q) :
  ComputationalPaths.Path.GeometricTopology.BinaryTimingCollision.countC ╬▒ p =
    ComputationalPaths.Path.GeometricTopology.BinaryTimingCollision.countC ╬▒ q
ComputationalPaths.Path.GeometricTopology.BinaryTimingCollision.classes_ne.{u_1} {X : Type u_1} [TopologicalSpace X]
  {x : X} (╬▒ : Path x x) :
  ComputationalPaths.Path.GeometricTopology.scopedQuotientMk
      (ComputationalPaths.Path.GeometricTopology.BinaryTimingCollision.presentation ╬▒)
      (ComputationalPaths.Path.GeometricTopology.BinaryTimingCollision.leftRaw ╬▒) Γëá
    ComputationalPaths.Path.GeometricTopology.scopedQuotientMk
      (ComputationalPaths.Path.GeometricTopology.BinaryTimingCollision.presentation ╬▒)
      (ComputationalPaths.Path.GeometricTopology.BinaryTimingCollision.rightRaw ╬▒)
ComputationalPaths.Path.GeometricTopology.BinaryTimingCollision.not_t0.{u_1} {X : Type u_1} [TopologicalSpace X] {x : X}
  (╬▒ : Path x x) :
  ┬¼T0Space
      (ComputationalPaths.Path.GeometricTopology.ScopedClass
        (ComputationalPaths.Path.GeometricTopology.BinaryTimingCollision.presentation ╬▒))
ComputationalPaths.Path.GeometricTopology.BinaryTimingCollision.fixed_not_t0.{u_1} {X : Type u_1} [TopologicalSpace X]
  {x : X} (╬▒ : Path x x) :
  ┬¼T0Space
      (Quotient
        (ComputationalPaths.Path.GeometricTopology.CoherentRepresentativeElimination.traceSetoid
          (ComputationalPaths.Path.GeometricTopology.BinaryTimingCollision.presentation ╬▒) x x))
'ComputationalPaths.Path.GeometricTopology.CoherentRepresentativeElimination.quotientHomeomorph' depends on axioms: [propext,
 Classical.choice,
 Quot.sound]
'ComputationalPaths.Path.GeometricTopology.CoherentRepresentativeElimination.observableQuotientHomeomorph' depends on axioms: [propext,
 Classical.choice,
 Quot.sound]
'ComputationalPaths.Path.GeometricTopology.CoherentRepresentativeElimination.traceSensitiveQuotientHomeomorph' depends on axioms: [propext,
 Classical.choice,
 Quot.sound]
'ComputationalPaths.Path.GeometricTopology.BinaryTimingCollision.realize_eq' depends on axioms: [propext,
 Classical.choice,
 Quot.sound]
'ComputationalPaths.Path.GeometricTopology.BinaryTimingCollision.countC_invariant' depends on axioms: [propext,
 Classical.choice,
 Quot.sound]
'ComputationalPaths.Path.GeometricTopology.BinaryTimingCollision.classes_ne' depends on axioms: [propext,
 Classical.choice,
 Quot.sound]
'ComputationalPaths.Path.GeometricTopology.BinaryTimingCollision.not_t0' depends on axioms: [propext,
 Classical.choice,
 Quot.sound]
'ComputationalPaths.Path.GeometricTopology.BinaryTimingCollision.fixed_not_t0' depends on axioms: [propext,
 Classical.choice,
 Quot.sound]
ComputationalPaths.Path.GeometricTopology.GeometricTrace.flatRealize_slot.{u, v} {A : Type u} [TopologicalSpace A]
  {Step : Type v} {S : ComputationalPaths.Path.GeometricTopology.GeometricStepSystem A Step} {a b : A}
  (p : ComputationalPaths.Path.GeometricTopology.GeometricTrace S a b) (i : Fin p.traceLength) (t : ΓåæunitInterval) :
  p.flatRealize.extend ((ΓåæΓåæi + Γåæt) / Γåæp.traceLength) =
    ComputationalPaths.Path.GeometricTopology.GeometricTrace.signedRealization (p.letters i) Γåæt
ComputationalPaths.Path.GeometricTopology.GeometricTrace.flatRealize_eq_of_flatWord.{u, v} {A : Type u}
  [TopologicalSpace A] {Step : Type v} {S : ComputationalPaths.Path.GeometricTopology.GeometricStepSystem A Step}
  {a b : A} (p q : ComputationalPaths.Path.GeometricTopology.GeometricTrace S a b) (h : p.flatWord = q.flatWord) :
  p.flatRealize = q.flatRealize
ComputationalPaths.Path.GeometricTopology.GeometricTrace.flatRealize_homotopic_binary.{u, v} {A : Type u}
  [TopologicalSpace A] {Step : Type v} {S : ComputationalPaths.Path.GeometricTopology.GeometricStepSystem A Step}
  {a b : A} (p : ComputationalPaths.Path.GeometricTopology.GeometricTrace S a b) : p.flatRealize.Homotopic p.realize
ComputationalPaths.Path.GeometricTopology.EqualSlotTopology.coherent_iff.{u, v} {A : Type u} [TopologicalSpace A]
  {Step : Type v} {S : ComputationalPaths.Path.GeometricTopology.GeometricStepSystem A Step} {a b : A}
  (p : ComputationalPaths.Path.GeometricTopology.GeometricTrace S a b) (╬│ : Path a b) :
  ╬│.Homotopic p.realize Γåö ╬│.Homotopic p.flatRealize
ComputationalPaths.Path.GeometricTopology.EqualSlotTopology.scoped_sound.{u, v} {A : Type u} [TopologicalSpace A]
  {Step : Type v} [TopologicalSpace Step]
  {C : ComputationalPaths.Path.GeometricTopology.ContinuousGeometricStepSystem A Step} {a b : A}
  {P : ComputationalPaths.Path.GeometricTopology.ScopedGeometricRewritePresentation C}
  {p q : ComputationalPaths.Path.GeometricTopology.GeometricTrace C.toGeometricStepSystem a b}
  (h : ComputationalPaths.Path.GeometricTopology.ScopedRwEq P p q) : p.flatRealize.Homotopic q.flatRealize
ComputationalPaths.Path.GeometricTopology.EqualSlotTopology.quotientHomeomorph.{u, v} {A : Type u} [TopologicalSpace A]
  {Step : Type v} [TopologicalSpace Step]
  {C : ComputationalPaths.Path.GeometricTopology.ContinuousGeometricStepSystem A Step}
  (P : ComputationalPaths.Path.GeometricTopology.ScopedGeometricRewritePresentation C) (a b : A)
  (╧ä : TopologicalSpace (ComputationalPaths.Path.GeometricTopology.GeometricTrace C.toGeometricStepSystem a b))
  (hflat : Continuous ComputationalPaths.Path.GeometricTopology.GeometricTrace.flatRealize) :
  Quotient (ComputationalPaths.Path.GeometricTopology.CoherentRepresentativeElimination.coherentSetoid P a b) ΓëâΓé£
    Quotient (ComputationalPaths.Path.GeometricTopology.CoherentRepresentativeElimination.traceSetoid P a b)
ComputationalPaths.Path.GeometricTopology.EqualSlotTopology.observableQuotientHomeomorph.{u, v} {A : Type u}
  [TopologicalSpace A] {Step : Type v} [TopologicalSpace Step]
  {C : ComputationalPaths.Path.GeometricTopology.ContinuousGeometricStepSystem A Step}
  (P : ComputationalPaths.Path.GeometricTopology.ScopedGeometricRewritePresentation C) (a b : A) :
  Quotient (ComputationalPaths.Path.GeometricTopology.CoherentRepresentativeElimination.coherentSetoid P a b) ΓëâΓé£
    Quotient (ComputationalPaths.Path.GeometricTopology.CoherentRepresentativeElimination.traceSetoid P a b)
ComputationalPaths.Path.GeometricTopology.EqualSlotTopology.traceSensitiveQuotientHomeomorph.{u, v} {A : Type u}
  [TopologicalSpace A] {Step : Type v} [TopologicalSpace Step]
  {C : ComputationalPaths.Path.GeometricTopology.ContinuousGeometricStepSystem A Step}
  (P : ComputationalPaths.Path.GeometricTopology.ScopedGeometricRewritePresentation C) (a b : A) :
  Quotient (ComputationalPaths.Path.GeometricTopology.CoherentRepresentativeElimination.coherentSetoid P a b) ΓëâΓé£
    Quotient (ComputationalPaths.Path.GeometricTopology.CoherentRepresentativeElimination.traceSetoid P a b)
ComputationalPaths.Path.GeometricTopology.EqualSlotTopology.continuous_totalQuotientMk.{u, v} {A : Type u}
  [TopologicalSpace A] {Step : Type v} [TopologicalSpace Step]
  {C : ComputationalPaths.Path.GeometricTopology.ContinuousGeometricStepSystem A Step}
  (P : ComputationalPaths.Path.GeometricTopology.ScopedGeometricRewritePresentation C) :
  Continuous (ComputationalPaths.Path.GeometricTopology.scopedQuotientMk P)
'ComputationalPaths.Path.GeometricTopology.GeometricTrace.flatRealize_slot' depends on axioms: [propext,
 Classical.choice,
 Quot.sound]
'ComputationalPaths.Path.GeometricTopology.GeometricTrace.flatRealize_eq_of_flatWord' depends on axioms: [propext,
 Classical.choice,
 Quot.sound]
'ComputationalPaths.Path.GeometricTopology.GeometricTrace.flatRealize_homotopic_binary' depends on axioms: [propext,
 Classical.choice,
 Quot.sound]
'ComputationalPaths.Path.GeometricTopology.EqualSlotTopology.coherent_iff' depends on axioms: [propext,
 Classical.choice,
 Quot.sound]
'ComputationalPaths.Path.GeometricTopology.EqualSlotTopology.scoped_sound' depends on axioms: [propext,
 Classical.choice,
 Quot.sound]
'ComputationalPaths.Path.GeometricTopology.EqualSlotTopology.quotientHomeomorph' depends on axioms: [propext,
 Classical.choice,
 Quot.sound]
'ComputationalPaths.Path.GeometricTopology.EqualSlotTopology.observableQuotientHomeomorph' depends on axioms: [propext,
 Classical.choice,
 Quot.sound]
'ComputationalPaths.Path.GeometricTopology.EqualSlotTopology.traceSensitiveQuotientHomeomorph' depends on axioms: [propext,
 Classical.choice,
 Quot.sound]
'ComputationalPaths.Path.GeometricTopology.EqualSlotTopology.continuous_totalQuotientMk' depends on axioms: [propext,
 Classical.choice,
 Quot.sound]
ComputationalPaths.Path.GeometricTopology.WordSubstitution.realize_homotopic.{u, v, w} {A : Type u} [TopologicalSpace A]
  {Step : Type v} {Step' : Type w} {S : ComputationalPaths.Path.GeometricTopology.GeometricStepSystem A Step}
  {T : ComputationalPaths.Path.GeometricTopology.GeometricStepSystem A Step'}
  (M : ComputationalPaths.Path.GeometricTopology.WordSubstitution S T)
  (hstep : ΓêÇ (s : Step), (M.step s).realize.Homotopic (S.realize s)) {a b : A}
  (p : ComputationalPaths.Path.GeometricTopology.GeometricTrace S a b) : (M.mapTrace p).realize.Homotopic p.realize
'ComputationalPaths.Path.GeometricTopology.WordSubstitution.realize_homotopic' depends on axioms: [propext,
 Classical.choice,
 Quot.sound]
ComputationalPaths.Path.GeometricTopology.ScopedWordInterpretation.map_scoped.{u, v, w} {A : Type u}
  [TopologicalSpace A] {Step : Type v} {Step' : Type w} [TopologicalSpace Step] [TopologicalSpace Step']
  {S : ComputationalPaths.Path.GeometricTopology.ContinuousGeometricStepSystem A Step}
  {T : ComputationalPaths.Path.GeometricTopology.ContinuousGeometricStepSystem A Step'}
  {P : ComputationalPaths.Path.GeometricTopology.ScopedGeometricRewritePresentation S}
  {Q : ComputationalPaths.Path.GeometricTopology.ScopedGeometricRewritePresentation T}
  (M : ComputationalPaths.Path.GeometricTopology.ScopedWordInterpretation P Q) {a b : A}
  {p q : ComputationalPaths.Path.GeometricTopology.GeometricTrace S.toGeometricStepSystem a b}
  (h : ComputationalPaths.Path.GeometricTopology.ScopedRwEq P p q) :
  ComputationalPaths.Path.GeometricTopology.ScopedRwEq Q (M.substitution.mapTrace p) (M.substitution.mapTrace q)
'ComputationalPaths.Path.GeometricTopology.ScopedWordInterpretation.map_scoped' depends on axioms: [propext,
 Classical.choice,
 Quot.sound]
ComputationalPaths.Path.GeometricTopology.ScopedWordInterpretation.roundtrip.{u, v, w} {A : Type u} [TopologicalSpace A]
  {Step : Type v} {Step' : Type w} [TopologicalSpace Step] [TopologicalSpace Step']
  {S : ComputationalPaths.Path.GeometricTopology.ContinuousGeometricStepSystem A Step}
  {T : ComputationalPaths.Path.GeometricTopology.ContinuousGeometricStepSystem A Step'}
  {P : ComputationalPaths.Path.GeometricTopology.ScopedGeometricRewritePresentation S}
  {Q : ComputationalPaths.Path.GeometricTopology.ScopedGeometricRewritePresentation T}
  (M : ComputationalPaths.Path.GeometricTopology.ScopedWordInterpretation P Q)
  (N : ComputationalPaths.Path.GeometricTopology.ScopedWordInterpretation Q P)
  (hstep :
    ΓêÇ (s : Step),
      ComputationalPaths.Path.GeometricTopology.ScopedRwEq P (N.substitution.mapTrace (M.substitution.step s))
        (ComputationalPaths.Path.GeometricTopology.GeometricTrace.single s))
  {a b : A} (p : ComputationalPaths.Path.GeometricTopology.GeometricTrace S.toGeometricStepSystem a b) :
  ComputationalPaths.Path.GeometricTopology.ScopedRwEq P (N.substitution.mapTrace (M.substitution.mapTrace p)) p
'ComputationalPaths.Path.GeometricTopology.ScopedWordInterpretation.roundtrip' depends on axioms: [propext,
 Classical.choice,
 Quot.sound]
ComputationalPaths.Path.GeometricTopology.ScopedWordInterpretation.quotientEquiv.{u, v, w} {A : Type u}
  [TopologicalSpace A] {Step : Type v} {Step' : Type w} [TopologicalSpace Step] [TopologicalSpace Step']
  {S : ComputationalPaths.Path.GeometricTopology.ContinuousGeometricStepSystem A Step}
  {T : ComputationalPaths.Path.GeometricTopology.ContinuousGeometricStepSystem A Step'}
  {P : ComputationalPaths.Path.GeometricTopology.ScopedGeometricRewritePresentation S}
  {Q : ComputationalPaths.Path.GeometricTopology.ScopedGeometricRewritePresentation T}
  (M : ComputationalPaths.Path.GeometricTopology.ScopedWordInterpretation P Q)
  (N : ComputationalPaths.Path.GeometricTopology.ScopedWordInterpretation Q P)
  (hS :
    ΓêÇ (s : Step),
      ComputationalPaths.Path.GeometricTopology.ScopedRwEq P (N.substitution.mapTrace (M.substitution.step s))
        (ComputationalPaths.Path.GeometricTopology.GeometricTrace.single s))
  (hT :
    ΓêÇ (t : Step'),
      ComputationalPaths.Path.GeometricTopology.ScopedRwEq Q (M.substitution.mapTrace (N.substitution.step t))
        (ComputationalPaths.Path.GeometricTopology.GeometricTrace.single t))
  (a b : A) :
  Quotient (ComputationalPaths.Path.GeometricTopology.CoherentRepresentativeElimination.traceSetoid P a b) Γëâ
    Quotient (ComputationalPaths.Path.GeometricTopology.CoherentRepresentativeElimination.traceSetoid Q a b)
'ComputationalPaths.Path.GeometricTopology.ScopedWordInterpretation.quotientEquiv' depends on axioms: [propext,
 Classical.choice,
 Quot.sound]
ComputationalPaths.Path.GeometricTopology.WordSubstitution.mapTrace_length.{u, v, w} {A : Type u} [TopologicalSpace A]
  {Step : Type v} {Step' : Type w} {S : ComputationalPaths.Path.GeometricTopology.GeometricStepSystem A Step}
  {T : ComputationalPaths.Path.GeometricTopology.GeometricStepSystem A Step'}
  (M : ComputationalPaths.Path.GeometricTopology.WordSubstitution S T) (k : Γäò)
  (hstep : ΓêÇ (s : Step), (M.step s).traceLength = k) {a b : A}
  (p : ComputationalPaths.Path.GeometricTopology.GeometricTrace S a b) : (M.mapTrace p).traceLength = k * p.traceLength
'ComputationalPaths.Path.GeometricTopology.WordSubstitution.mapTrace_length' depends on axioms: [propext,
 Classical.choice,
 Quot.sound]
ComputationalPaths.Path.GeometricTopology.WordSubstitution.mapTrace_realize.{u, v, w} {A : Type u} [TopologicalSpace A]
  {Step : Type v} {Step' : Type w} {S : ComputationalPaths.Path.GeometricTopology.GeometricStepSystem A Step}
  {T : ComputationalPaths.Path.GeometricTopology.GeometricStepSystem A Step'}
  (M : ComputationalPaths.Path.GeometricTopology.WordSubstitution S T)
  (hstep : ΓêÇ (s : Step), (M.step s).realize = S.realize s) {a b : A}
  (p : ComputationalPaths.Path.GeometricTopology.GeometricTrace S a b) : (M.mapTrace p).realize = p.realize
'ComputationalPaths.Path.GeometricTopology.WordSubstitution.mapTrace_realize' depends on axioms: [propext,
 Classical.choice,
 Quot.sound]
ComputationalPaths.Path.GeometricTopology.WordSubstitution.continuous_binary.{u, v, w} {A : Type u} [TopologicalSpace A]
  {Step : Type v} {Step' : Type w} {S : ComputationalPaths.Path.GeometricTopology.GeometricStepSystem A Step}
  {T : ComputationalPaths.Path.GeometricTopology.GeometricStepSystem A Step'}
  (M : ComputationalPaths.Path.GeometricTopology.WordSubstitution S T) (k : Γäò)
  (hlength : ΓêÇ (s : Step), (M.step s).traceLength = k) (hrealize : ΓêÇ (s : Step), (M.step s).realize = S.realize s)
  {a b : A} : Continuous M.mapTrace
'ComputationalPaths.Path.GeometricTopology.WordSubstitution.continuous_binary' depends on axioms: [propext,
 Classical.choice,
 Quot.sound]
ComputationalPaths.Path.GeometricTopology.ScopedWordInterpretation.continuous_quotientMap.{u, v, w} {A : Type u}
  [TopologicalSpace A] {Step : Type v} {Step' : Type w} [TopologicalSpace Step] [TopologicalSpace Step']
  {S : ComputationalPaths.Path.GeometricTopology.ContinuousGeometricStepSystem A Step}
  {T : ComputationalPaths.Path.GeometricTopology.ContinuousGeometricStepSystem A Step'}
  {P : ComputationalPaths.Path.GeometricTopology.ScopedGeometricRewritePresentation S}
  {Q : ComputationalPaths.Path.GeometricTopology.ScopedGeometricRewritePresentation T}
  (M : ComputationalPaths.Path.GeometricTopology.ScopedWordInterpretation P Q) (a b : A)
  (╧äS : TopologicalSpace (ComputationalPaths.Path.GeometricTopology.GeometricTrace S.toGeometricStepSystem a b))
  (╧äT : TopologicalSpace (ComputationalPaths.Path.GeometricTopology.GeometricTrace T.toGeometricStepSystem a b))
  (hM : Continuous M.substitution.mapTrace) : Continuous (M.quotientMap a b)
'ComputationalPaths.Path.GeometricTopology.ScopedWordInterpretation.continuous_quotientMap' depends on axioms: [propext,
 Classical.choice,
 Quot.sound]
ComputationalPaths.Path.GeometricTopology.ScopedWordInterpretation.quotientHomeomorph.{u, v, w} {A : Type u}
  [TopologicalSpace A] {Step : Type v} {Step' : Type w} [TopologicalSpace Step] [TopologicalSpace Step']
  {S : ComputationalPaths.Path.GeometricTopology.ContinuousGeometricStepSystem A Step}
  {T : ComputationalPaths.Path.GeometricTopology.ContinuousGeometricStepSystem A Step'}
  {P : ComputationalPaths.Path.GeometricTopology.ScopedGeometricRewritePresentation S}
  {Q : ComputationalPaths.Path.GeometricTopology.ScopedGeometricRewritePresentation T}
  (M : ComputationalPaths.Path.GeometricTopology.ScopedWordInterpretation P Q)
  (N : ComputationalPaths.Path.GeometricTopology.ScopedWordInterpretation Q P)
  (hS :
    ΓêÇ (s : Step),
      ComputationalPaths.Path.GeometricTopology.ScopedRwEq P (N.substitution.mapTrace (M.substitution.step s))
        (ComputationalPaths.Path.GeometricTopology.GeometricTrace.single s))
  (hT :
    ΓêÇ (t : Step'),
      ComputationalPaths.Path.GeometricTopology.ScopedRwEq Q (M.substitution.mapTrace (N.substitution.step t))
        (ComputationalPaths.Path.GeometricTopology.GeometricTrace.single t))
  (a b : A)
  (╧äS : TopologicalSpace (ComputationalPaths.Path.GeometricTopology.GeometricTrace S.toGeometricStepSystem a b))
  (╧äT : TopologicalSpace (ComputationalPaths.Path.GeometricTopology.GeometricTrace T.toGeometricStepSystem a b))
  (hM : Continuous M.substitution.mapTrace) (hN : Continuous N.substitution.mapTrace) :
  Quotient (ComputationalPaths.Path.GeometricTopology.CoherentRepresentativeElimination.traceSetoid P a b) ΓëâΓé£
    Quotient (ComputationalPaths.Path.GeometricTopology.CoherentRepresentativeElimination.traceSetoid Q a b)
'ComputationalPaths.Path.GeometricTopology.ScopedWordInterpretation.quotientHomeomorph' depends on axioms: [propext,
 Classical.choice,
 Quot.sound]
ComputationalPaths.Path.GeometricTopology.ScopedWordInterpretation.binaryQuotientHomeomorph.{u, v, w} {A : Type u}
  [TopologicalSpace A] {Step : Type v} {Step' : Type w} [TopologicalSpace Step] [TopologicalSpace Step']
  {S : ComputationalPaths.Path.GeometricTopology.ContinuousGeometricStepSystem A Step}
  {T : ComputationalPaths.Path.GeometricTopology.ContinuousGeometricStepSystem A Step'}
  {P : ComputationalPaths.Path.GeometricTopology.ScopedGeometricRewritePresentation S}
  {Q : ComputationalPaths.Path.GeometricTopology.ScopedGeometricRewritePresentation T}
  (M : ComputationalPaths.Path.GeometricTopology.ScopedWordInterpretation P Q)
  (N : ComputationalPaths.Path.GeometricTopology.ScopedWordInterpretation Q P)
  (hS :
    ΓêÇ (s : Step),
      ComputationalPaths.Path.GeometricTopology.ScopedRwEq P (N.substitution.mapTrace (M.substitution.step s))
        (ComputationalPaths.Path.GeometricTopology.GeometricTrace.single s))
  (hT :
    ΓêÇ (t : Step'),
      ComputationalPaths.Path.GeometricTopology.ScopedRwEq Q (M.substitution.mapTrace (N.substitution.step t))
        (ComputationalPaths.Path.GeometricTopology.GeometricTrace.single t))
  (k l : Γäò) (hMLength : ΓêÇ (s : Step), (M.substitution.step s).traceLength = k)
  (hNLength : ΓêÇ (t : Step'), (N.substitution.step t).traceLength = l)
  (hMRealize : ΓêÇ (s : Step), (M.substitution.step s).realize = S.realize s)
  (hNRealize : ΓêÇ (t : Step'), (N.substitution.step t).realize = T.realize t) (a b : A) :
  Quotient (ComputationalPaths.Path.GeometricTopology.CoherentRepresentativeElimination.traceSetoid P a b) ΓëâΓé£
    Quotient (ComputationalPaths.Path.GeometricTopology.CoherentRepresentativeElimination.traceSetoid Q a b)
'ComputationalPaths.Path.GeometricTopology.ScopedWordInterpretation.binaryQuotientHomeomorph' depends on axioms: [propext,
 Classical.choice,
 Quot.sound]
ComputationalPaths.Path.GeometricTopology.RedundantGeneratorObservable.quotientEquiv.{u_1} {X : Type u_1}
  [TopologicalSpace X] {x : X} (╬▒ : Path x x) (a b : X) :
  Quotient
      (ComputationalPaths.Path.GeometricTopology.CoherentRepresentativeElimination.traceSetoid
        (ComputationalPaths.Path.GeometricTopology.RedundantGeneratorObservable.oldPresentation ╬▒) a b) Γëâ
    Quotient
      (ComputationalPaths.Path.GeometricTopology.CoherentRepresentativeElimination.traceSetoid
        (ComputationalPaths.Path.GeometricTopology.RedundantGeneratorObservable.newPresentation ╬▒) a b)
'ComputationalPaths.Path.GeometricTopology.RedundantGeneratorObservable.quotientEquiv' depends on axioms: [propext,
 Classical.choice,
 Quot.sound]
ComputationalPaths.Path.GeometricTopology.RedundantGeneratorObservable.old_parity_invariant.{u_1} {X : Type u_1}
  [TopologicalSpace X] {x : X} (╬▒ : Path x x) {a b : X}
  {p q :
    ComputationalPaths.Path.GeometricTopology.GeometricTrace
      (ComputationalPaths.Path.GeometricTopology.RedundantGeneratorObservable.oldSystem ╬▒).toGeometricStepSystem a b}
  (h :
    ComputationalPaths.Path.GeometricTopology.ScopedRwEq
      (ComputationalPaths.Path.GeometricTopology.RedundantGeneratorObservable.oldPresentation ╬▒) p q) :
  p.traceLength % 2 = q.traceLength % 2
'ComputationalPaths.Path.GeometricTopology.RedundantGeneratorObservable.old_parity_invariant' depends on axioms: [propext,
 Classical.choice,
 Quot.sound]
ComputationalPaths.Path.GeometricTopology.RedundantGeneratorObservable.continuous_oldParity.{u_1} {X : Type u_1}
  [TopologicalSpace X] {x : X} (╬▒ : Path x x) (a b : X) :
  Continuous (ComputationalPaths.Path.GeometricTopology.RedundantGeneratorObservable.oldParity ╬▒ a b)
'ComputationalPaths.Path.GeometricTopology.RedundantGeneratorObservable.continuous_oldParity' depends on axioms: [propext,
 Classical.choice,
 Quot.sound]
ComputationalPaths.Path.GeometricTopology.RedundantGeneratorObservable.old_parity_values.{u_1} {X : Type u_1}
  [TopologicalSpace X] {x : X} (╬▒ : Path x x) :
  ComputationalPaths.Path.GeometricTopology.RedundantGeneratorObservable.oldParity ╬▒ x x
        ΓƒªComputationalPaths.Path.GeometricTopology.GeometricTrace.single
            ComputationalPaths.Path.GeometricTopology.RedundantGeneratorObservable.OldLabel.fΓƒº =
      1 Γêº
    ComputationalPaths.Path.GeometricTopology.RedundantGeneratorObservable.oldParity ╬▒ x x
        Γƒª(ComputationalPaths.Path.GeometricTopology.GeometricTrace.single
                ComputationalPaths.Path.GeometricTopology.RedundantGeneratorObservable.OldLabel.e).trans
            (ComputationalPaths.Path.GeometricTopology.GeometricTrace.single
              ComputationalPaths.Path.GeometricTopology.RedundantGeneratorObservable.OldLabel.e)Γƒº =
      0
'ComputationalPaths.Path.GeometricTopology.RedundantGeneratorObservable.old_parity_values' depends on axioms: [propext,
 Classical.choice,
 Quot.sound]
ComputationalPaths.Path.GeometricTopology.RedundantGeneratorObservable.countF_invariant.{u_1} {X : Type u_1}
  [TopologicalSpace X] {x : X} (╬▒ : Path x x) {a b : X}
  {p q :
    ComputationalPaths.Path.GeometricTopology.GeometricTrace
      (ComputationalPaths.Path.GeometricTopology.RedundantGeneratorObservable.newSystem ╬▒).toGeometricStepSystem a b}
  (h :
    ComputationalPaths.Path.GeometricTopology.ScopedRwEq
      (ComputationalPaths.Path.GeometricTopology.RedundantGeneratorObservable.newPresentation ╬▒) p q) :
  ComputationalPaths.Path.GeometricTopology.RedundantGeneratorObservable.countF ╬▒ p =
    ComputationalPaths.Path.GeometricTopology.RedundantGeneratorObservable.countF ╬▒ q
'ComputationalPaths.Path.GeometricTopology.RedundantGeneratorObservable.countF_invariant' depends on axioms: [propext,
 Classical.choice,
 Quot.sound]
ComputationalPaths.Path.GeometricTopology.RedundantGeneratorObservable.new_classes_ne.{u_1} {X : Type u_1}
  [TopologicalSpace X] {x : X} (╬▒ : Path x x) :
  ΓƒªComputationalPaths.Path.GeometricTopology.GeometricTrace.single
        ComputationalPaths.Path.GeometricTopology.RedundantGeneratorObservable.NewLabel.aΓƒº Γëá
    ΓƒªComputationalPaths.Path.GeometricTopology.GeometricTrace.single
        ComputationalPaths.Path.GeometricTopology.RedundantGeneratorObservable.NewLabel.fΓƒº
'ComputationalPaths.Path.GeometricTopology.RedundantGeneratorObservable.new_classes_ne' depends on axioms: [propext,
 Classical.choice,
 Quot.sound]
ComputationalPaths.Path.GeometricTopology.RedundantGeneratorObservable.new_inseparable.{u_1} {X : Type u_1}
  [TopologicalSpace X] {x : X} (╬▒ : Path x x) :
  Inseparable
    ΓƒªComputationalPaths.Path.GeometricTopology.GeometricTrace.single
        ComputationalPaths.Path.GeometricTopology.RedundantGeneratorObservable.NewLabel.aΓƒº
    ΓƒªComputationalPaths.Path.GeometricTopology.GeometricTrace.single
        ComputationalPaths.Path.GeometricTopology.RedundantGeneratorObservable.NewLabel.fΓƒº
'ComputationalPaths.Path.GeometricTopology.RedundantGeneratorObservable.new_inseparable' depends on axioms: [propext,
 Classical.choice,
 Quot.sound]
ComputationalPaths.Path.GeometricTopology.RedundantGeneratorObservable.not_continuous_inverse.{u_1} {X : Type u_1}
  [TopologicalSpace X] {x : X} (╬▒ : Path x x) :
  ┬¼Continuous Γçæ(ComputationalPaths.Path.GeometricTopology.RedundantGeneratorObservable.quotientEquiv ╬▒ x x).symm
'ComputationalPaths.Path.GeometricTopology.RedundantGeneratorObservable.not_continuous_inverse' depends on axioms: [propext,
 Classical.choice,
 Quot.sound]
